Analysis & Synthesis report for main
Fri Sep  1 22:12:16 2023
Quartus Prime Version 22.1std.2 Build 922 07/20/2023 SC Lite Edition


---------------------
; Table of Contents ;
---------------------
  1. Legal Notice
  2. Analysis & Synthesis Summary
  3. Analysis & Synthesis Settings
  4. Parallel Compilation
  5. Analysis & Synthesis Source Files Read
  6. Analysis & Synthesis Resource Usage Summary
  7. Analysis & Synthesis Resource Utilization by Entity
  8. State Machine - |main|UART_TX:tx|state
  9. State Machine - |main|reg_2bytes_UART_tx:reg_tx|state
 10. State Machine - |main|DHT11_teste:a|state
 11. State Machine - |main|MEF_main:exe|state
 12. State Machine - |main|reg_2bytes_UART_rx:reg_rx|state
 13. State Machine - |main|UART_RX:rx|state
 14. Registers Removed During Synthesis
 15. General Register Statistics
 16. Inverted Register Statistics
 17. Multiplexer Restructuring Statistics (Restructuring Performed)
 18. Parameter Settings for User Entity Instance: UART_RX:rx
 19. Parameter Settings for User Entity Instance: MEF_main:exe
 20. Parameter Settings for User Entity Instance: DHT11_teste:a
 21. Parameter Settings for User Entity Instance: UART_TX:tx
 22. Port Connectivity Checks: "UART_TX:tx"
 23. Port Connectivity Checks: "DHT11_teste:a"
 24. Port Connectivity Checks: "reg_2bytes_UART_rx:reg_rx"
 25. Post-Synthesis Netlist Statistics for Top Partition
 26. Elapsed Time Per Partition
 27. Analysis & Synthesis Messages
 28. Analysis & Synthesis Suppressed Messages



----------------
; Legal Notice ;
----------------
Copyright (C) 2023  Intel Corporation. All rights reserved.
Your use of Intel Corporation's design tools, logic functions 
and other software and tools, and any partner logic 
functions, and any output files from any of the foregoing 
(including device programming or simulation files), and any 
associated documentation or information are expressly subject 
to the terms and conditions of the Intel Program License 
Subscription Agreement, the Intel Quartus Prime License Agreement,
the Intel FPGA IP License Agreement, or other applicable license
agreement, including, without limitation, that your use is for
the sole purpose of programming logic devices manufactured by
Intel and sold by Intel or its authorized distributors.  Please
refer to the applicable agreement for further details, at
https://fpgasoftware.intel.com/eula.



+-------------------------------------------------------------------------------------+
; Analysis & Synthesis Summary                                                        ;
+------------------------------------+------------------------------------------------+
; Analysis & Synthesis Status        ; Successful - Fri Sep  1 22:12:16 2023          ;
; Quartus Prime Version              ; 22.1std.2 Build 922 07/20/2023 SC Lite Edition ;
; Revision Name                      ; main                                           ;
; Top-level Entity Name              ; main                                           ;
; Family                             ; Cyclone IV E                                   ;
; Total logic elements               ; 559                                            ;
;     Total combinational functions  ; 465                                            ;
;     Dedicated logic registers      ; 293                                            ;
; Total registers                    ; 293                                            ;
; Total pins                         ; 4                                              ;
; Total virtual pins                 ; 0                                              ;
; Total memory bits                  ; 0                                              ;
; Embedded Multiplier 9-bit elements ; 0                                              ;
; Total PLLs                         ; 0                                              ;
+------------------------------------+------------------------------------------------+


+------------------------------------------------------------------------------------------------------------+
; Analysis & Synthesis Settings                                                                              ;
+------------------------------------------------------------------+--------------------+--------------------+
; Option                                                           ; Setting            ; Default Value      ;
+------------------------------------------------------------------+--------------------+--------------------+
; Device                                                           ; EP4CE6E22C8        ;                    ;
; Top-level entity name                                            ; main               ; main               ;
; Family name                                                      ; Cyclone IV E       ; Cyclone V          ;
; Use smart compilation                                            ; Off                ; Off                ;
; Enable parallel Assembler and Timing Analyzer during compilation ; On                 ; On                 ;
; Enable compact report table                                      ; Off                ; Off                ;
; Restructure Multiplexers                                         ; Auto               ; Auto               ;
; Create Debugging Nodes for IP Cores                              ; Off                ; Off                ;
; Preserve fewer node names                                        ; On                 ; On                 ;
; Intel FPGA IP Evaluation Mode                                    ; Enable             ; Enable             ;
; Verilog Version                                                  ; Verilog_2001       ; Verilog_2001       ;
; VHDL Version                                                     ; VHDL_1993          ; VHDL_1993          ;
; State Machine Processing                                         ; Auto               ; Auto               ;
; Safe State Machine                                               ; Off                ; Off                ;
; Extract Verilog State Machines                                   ; On                 ; On                 ;
; Extract VHDL State Machines                                      ; On                 ; On                 ;
; Ignore Verilog initial constructs                                ; Off                ; Off                ;
; Iteration limit for constant Verilog loops                       ; 5000               ; 5000               ;
; Iteration limit for non-constant Verilog loops                   ; 250                ; 250                ;
; Add Pass-Through Logic to Inferred RAMs                          ; On                 ; On                 ;
; Infer RAMs from Raw Logic                                        ; On                 ; On                 ;
; Parallel Synthesis                                               ; On                 ; On                 ;
; DSP Block Balancing                                              ; Auto               ; Auto               ;
; NOT Gate Push-Back                                               ; On                 ; On                 ;
; Power-Up Don't Care                                              ; On                 ; On                 ;
; Remove Redundant Logic Cells                                     ; Off                ; Off                ;
; Remove Duplicate Registers                                       ; On                 ; On                 ;
; Ignore CARRY Buffers                                             ; Off                ; Off                ;
; Ignore CASCADE Buffers                                           ; Off                ; Off                ;
; Ignore GLOBAL Buffers                                            ; Off                ; Off                ;
; Ignore ROW GLOBAL Buffers                                        ; Off                ; Off                ;
; Ignore LCELL Buffers                                             ; Off                ; Off                ;
; Ignore SOFT Buffers                                              ; On                 ; On                 ;
; Limit AHDL Integers to 32 Bits                                   ; Off                ; Off                ;
; Optimization Technique                                           ; Balanced           ; Balanced           ;
; Carry Chain Length                                               ; 70                 ; 70                 ;
; Auto Carry Chains                                                ; On                 ; On                 ;
; Auto Open-Drain Pins                                             ; On                 ; On                 ;
; Perform WYSIWYG Primitive Resynthesis                            ; Off                ; Off                ;
; Auto ROM Replacement                                             ; On                 ; On                 ;
; Auto RAM Replacement                                             ; On                 ; On                 ;
; Auto DSP Block Replacement                                       ; On                 ; On                 ;
; Auto Shift Register Replacement                                  ; Auto               ; Auto               ;
; Allow Shift Register Merging across Hierarchies                  ; Auto               ; Auto               ;
; Auto Clock Enable Replacement                                    ; On                 ; On                 ;
; Strict RAM Replacement                                           ; Off                ; Off                ;
; Allow Synchronous Control Signals                                ; On                 ; On                 ;
; Force Use of Synchronous Clear Signals                           ; Off                ; Off                ;
; Auto RAM Block Balancing                                         ; On                 ; On                 ;
; Auto RAM to Logic Cell Conversion                                ; Off                ; Off                ;
; Auto Resource Sharing                                            ; Off                ; Off                ;
; Allow Any RAM Size For Recognition                               ; Off                ; Off                ;
; Allow Any ROM Size For Recognition                               ; Off                ; Off                ;
; Allow Any Shift Register Size For Recognition                    ; Off                ; Off                ;
; Use LogicLock Constraints during Resource Balancing              ; On                 ; On                 ;
; Ignore translate_off and synthesis_off directives                ; Off                ; Off                ;
; Timing-Driven Synthesis                                          ; On                 ; On                 ;
; Report Parameter Settings                                        ; On                 ; On                 ;
; Report Source Assignments                                        ; On                 ; On                 ;
; Report Connectivity Checks                                       ; On                 ; On                 ;
; Ignore Maximum Fan-Out Assignments                               ; Off                ; Off                ;
; Synchronization Register Chain Length                            ; 2                  ; 2                  ;
; Power Optimization During Synthesis                              ; Normal compilation ; Normal compilation ;
; HDL message level                                                ; Level2             ; Level2             ;
; Suppress Register Optimization Related Messages                  ; Off                ; Off                ;
; Number of Removed Registers Reported in Synthesis Report         ; 5000               ; 5000               ;
; Number of Swept Nodes Reported in Synthesis Report               ; 5000               ; 5000               ;
; Number of Inverted Registers Reported in Synthesis Report        ; 100                ; 100                ;
; Clock MUX Protection                                             ; On                 ; On                 ;
; Auto Gated Clock Conversion                                      ; Off                ; Off                ;
; Block Design Naming                                              ; Auto               ; Auto               ;
; SDC constraint protection                                        ; Off                ; Off                ;
; Synthesis Effort                                                 ; Auto               ; Auto               ;
; Shift Register Replacement - Allow Asynchronous Clear Signal     ; On                 ; On                 ;
; Pre-Mapping Resynthesis Optimization                             ; Off                ; Off                ;
; Analysis & Synthesis Message Level                               ; Medium             ; Medium             ;
; Disable Register Merging Across Hierarchies                      ; Auto               ; Auto               ;
; Resource Aware Inference For Block RAM                           ; On                 ; On                 ;
+------------------------------------------------------------------+--------------------+--------------------+


+------------------------------------------+
; Parallel Compilation                     ;
+----------------------------+-------------+
; Processors                 ; Number      ;
+----------------------------+-------------+
; Number detected on machine ; 16          ;
; Maximum allowed            ; 16          ;
;                            ;             ;
; Average used               ; 1.01        ;
; Maximum used               ; 16          ;
;                            ;             ;
; Usage by Processor         ; % Time Used ;
;     Processor 1            ; 100.0%      ;
;     Processor 2            ;   0.1%      ;
;     Processor 3            ;   0.1%      ;
;     Processor 4            ;   0.1%      ;
;     Processor 5            ;   0.1%      ;
;     Processor 6            ;   0.1%      ;
;     Processor 7            ;   0.1%      ;
;     Processors 8-16        ;   0.1%      ;
+----------------------------+-------------+


+---------------------------------------------------------------------------------------------------------------------------------------------------------------------------------------------------------------------+
; Analysis & Synthesis Source Files Read                                                                                                                                                                              ;
+----------------------------------+-----------------+------------------------+-----------------------------------------------------------------------------------------------------------------------------+---------+
; File Name with User-Entered Path ; Used in Netlist ; File Type              ; File Name with Absolute Path                                                                                                ; Library ;
+----------------------------------+-----------------+------------------------+-----------------------------------------------------------------------------------------------------------------------------+---------+
; Modules/UART_TX.v                ; yes             ; User Verilog HDL File  ; C:/Users/thiag/Documents/GitHub/PBL---Sistemas-Digitais---Interface-de-Entrada-e-Sa-da/Verilog/Modules/UART_TX.v            ;         ;
; Modules/UART_RX.v                ; yes             ; User Verilog HDL File  ; C:/Users/thiag/Documents/GitHub/PBL---Sistemas-Digitais---Interface-de-Entrada-e-Sa-da/Verilog/Modules/UART_RX.v            ;         ;
; Modules/TRI_State.v              ; yes             ; User Verilog HDL File  ; C:/Users/thiag/Documents/GitHub/PBL---Sistemas-Digitais---Interface-de-Entrada-e-Sa-da/Verilog/Modules/TRI_State.v          ;         ;
; Modules/reg_2bytes_UART_tx.v     ; yes             ; User Verilog HDL File  ; C:/Users/thiag/Documents/GitHub/PBL---Sistemas-Digitais---Interface-de-Entrada-e-Sa-da/Verilog/Modules/reg_2bytes_UART_tx.v ;         ;
; Modules/reg_2bytes_UART_rx.v     ; yes             ; User Verilog HDL File  ; C:/Users/thiag/Documents/GitHub/PBL---Sistemas-Digitais---Interface-de-Entrada-e-Sa-da/Verilog/Modules/reg_2bytes_UART_rx.v ;         ;
; Modules/MEF_main.v               ; yes             ; User Verilog HDL File  ; C:/Users/thiag/Documents/GitHub/PBL---Sistemas-Digitais---Interface-de-Entrada-e-Sa-da/Verilog/Modules/MEF_main.v           ;         ;
; Modules/main.v                   ; yes             ; User Verilog HDL File  ; C:/Users/thiag/Documents/GitHub/PBL---Sistemas-Digitais---Interface-de-Entrada-e-Sa-da/Verilog/Modules/main.v               ;         ;
; Modules/DHT11_teste.v            ; yes             ; User Verilog HDL File  ; C:/Users/thiag/Documents/GitHub/PBL---Sistemas-Digitais---Interface-de-Entrada-e-Sa-da/Verilog/Modules/DHT11_teste.v        ;         ;
+----------------------------------+-----------------+------------------------+-----------------------------------------------------------------------------------------------------------------------------+---------+


+-----------------------------------------------------------+
; Analysis & Synthesis Resource Usage Summary               ;
+---------------------------------------------+-------------+
; Resource                                    ; Usage       ;
+---------------------------------------------+-------------+
; Estimated Total logic elements              ; 559         ;
;                                             ;             ;
; Total combinational functions               ; 465         ;
; Logic element usage by number of LUT inputs ;             ;
;     -- 4 input functions                    ; 231         ;
;     -- 3 input functions                    ; 94          ;
;     -- <=2 input functions                  ; 140         ;
;                                             ;             ;
; Logic elements by mode                      ;             ;
;     -- normal mode                          ; 388         ;
;     -- arithmetic mode                      ; 77          ;
;                                             ;             ;
; Total registers                             ; 293         ;
;     -- Dedicated logic registers            ; 293         ;
;     -- I/O registers                        ; 0           ;
;                                             ;             ;
; I/O pins                                    ; 4           ;
;                                             ;             ;
; Embedded Multiplier 9-bit elements          ; 0           ;
;                                             ;             ;
; Maximum fan-out node                        ; clock~input ;
; Maximum fan-out                             ; 293         ;
; Total fan-out                               ; 2377        ;
; Average fan-out                             ; 3.10        ;
+---------------------------------------------+-------------+


+-------------------------------------------------------------------------------------------------------------------------------------------------------------------------------------------------------------------------------------+
; Analysis & Synthesis Resource Utilization by Entity                                                                                                                                                                                 ;
+--------------------------------+---------------------+---------------------------+-------------+--------------+---------+-----------+------+--------------+-------------------------------------+--------------------+--------------+
; Compilation Hierarchy Node     ; Combinational ALUTs ; Dedicated Logic Registers ; Memory Bits ; DSP Elements ; DSP 9x9 ; DSP 18x18 ; Pins ; Virtual Pins ; Full Hierarchy Name                 ; Entity Name        ; Library Name ;
+--------------------------------+---------------------+---------------------------+-------------+--------------+---------+-----------+------+--------------+-------------------------------------+--------------------+--------------+
; |main                          ; 465 (1)             ; 293 (0)                   ; 0           ; 0            ; 0       ; 0         ; 4    ; 0            ; |main                               ; main               ; work         ;
;    |DHT11_teste:a|             ; 241 (240)           ; 87 (87)                   ; 0           ; 0            ; 0       ; 0         ; 0    ; 0            ; |main|DHT11_teste:a                 ; DHT11_teste        ; work         ;
;       |TRI_State:TRIS0|        ; 1 (1)               ; 0 (0)                     ; 0           ; 0            ; 0       ; 0         ; 0    ; 0            ; |main|DHT11_teste:a|TRI_State:TRIS0 ; TRI_State          ; work         ;
;    |MEF_main:exe|              ; 81 (65)             ; 90 (90)                   ; 0           ; 0            ; 0       ; 0         ; 0    ; 0            ; |main|MEF_main:exe                  ; MEF_main           ; work         ;
;       |commands_table:a|       ; 16 (16)             ; 0 (0)                     ; 0           ; 0            ; 0       ; 0         ; 0    ; 0            ; |main|MEF_main:exe|commands_table:a ; commands_table     ; work         ;
;    |UART_RX:rx|                ; 52 (52)             ; 31 (31)                   ; 0           ; 0            ; 0       ; 0         ; 0    ; 0            ; |main|UART_RX:rx                    ; UART_RX            ; work         ;
;    |UART_TX:tx|                ; 34 (34)             ; 30 (30)                   ; 0           ; 0            ; 0       ; 0         ; 0    ; 0            ; |main|UART_TX:tx                    ; UART_TX            ; work         ;
;    |reg_2bytes_UART_rx:reg_rx| ; 5 (5)               ; 28 (28)                   ; 0           ; 0            ; 0       ; 0         ; 0    ; 0            ; |main|reg_2bytes_UART_rx:reg_rx     ; reg_2bytes_UART_rx ; work         ;
;    |reg_2bytes_UART_tx:reg_tx| ; 51 (51)             ; 27 (27)                   ; 0           ; 0            ; 0       ; 0         ; 0    ; 0            ; |main|reg_2bytes_UART_tx:reg_tx     ; reg_2bytes_UART_tx ; work         ;
+--------------------------------+---------------------+---------------------------+-------------+--------------+---------+-----------+------+--------------+-------------------------------------+--------------------+--------------+
Note: For table entries with two numbers listed, the numbers in parentheses indicate the number of resources of the given type used by the specific entity alone. The numbers listed outside of parentheses indicate the total resources of the given type used by the specific entity and all of its sub-entities in the hierarchy.


Encoding Type:  One-Hot
+----------------------------------------------------------------+
; State Machine - |main|UART_TX:tx|state                         ;
+-------------+------------+------------+-------------+----------+
; Name        ; state.STOP ; state.DATA ; state.START ; state.00 ;
+-------------+------------+------------+-------------+----------+
; state.00    ; 0          ; 0          ; 0           ; 0        ;
; state.START ; 0          ; 0          ; 1           ; 1        ;
; state.DATA  ; 0          ; 1          ; 0           ; 1        ;
; state.STOP  ; 1          ; 0          ; 0           ; 1        ;
+-------------+------------+------------+-------------+----------+


Encoding Type:  One-Hot
+---------------------------------------------------------------------------------------------------+
; State Machine - |main|reg_2bytes_UART_tx:reg_tx|state                                             ;
+-----------------+----------------+-----------------+----------------+-----------+-----------------+
; Name            ; state.BYTE_TWO ; state.START_ONE ; state.BYTE_ONE ; state.000 ; state.START_TWO ;
+-----------------+----------------+-----------------+----------------+-----------+-----------------+
; state.000       ; 0              ; 0               ; 0              ; 0         ; 0               ;
; state.BYTE_ONE  ; 0              ; 0               ; 1              ; 1         ; 0               ;
; state.START_ONE ; 0              ; 1               ; 0              ; 1         ; 0               ;
; state.BYTE_TWO  ; 1              ; 0               ; 0              ; 1         ; 0               ;
; state.START_TWO ; 0              ; 0               ; 0              ; 1         ; 1               ;
+-----------------+----------------+-----------------+----------------+-----------+-----------------+


Encoding Type:  One-Hot
+------------------------------------------------------------------------------------------------------------------------------------------------------+
; State Machine - |main|DHT11_teste:a|state                                                                                                            ;
+-------------+-------------+----------+----------+----------+----------+----------+----------+----------+----------+----------+----------+------------+
; Name        ; state.START ; state.S9 ; state.S8 ; state.S7 ; state.S6 ; state.S5 ; state.S4 ; state.S3 ; state.S2 ; state.S1 ; state.S0 ; state.STOP ;
+-------------+-------------+----------+----------+----------+----------+----------+----------+----------+----------+----------+----------+------------+
; state.STOP  ; 0           ; 0        ; 0        ; 0        ; 0        ; 0        ; 0        ; 0        ; 0        ; 0        ; 0        ; 0          ;
; state.S0    ; 0           ; 0        ; 0        ; 0        ; 0        ; 0        ; 0        ; 0        ; 0        ; 0        ; 1        ; 1          ;
; state.S1    ; 0           ; 0        ; 0        ; 0        ; 0        ; 0        ; 0        ; 0        ; 0        ; 1        ; 0        ; 1          ;
; state.S2    ; 0           ; 0        ; 0        ; 0        ; 0        ; 0        ; 0        ; 0        ; 1        ; 0        ; 0        ; 1          ;
; state.S3    ; 0           ; 0        ; 0        ; 0        ; 0        ; 0        ; 0        ; 1        ; 0        ; 0        ; 0        ; 1          ;
; state.S4    ; 0           ; 0        ; 0        ; 0        ; 0        ; 0        ; 1        ; 0        ; 0        ; 0        ; 0        ; 1          ;
; state.S5    ; 0           ; 0        ; 0        ; 0        ; 0        ; 1        ; 0        ; 0        ; 0        ; 0        ; 0        ; 1          ;
; state.S6    ; 0           ; 0        ; 0        ; 0        ; 1        ; 0        ; 0        ; 0        ; 0        ; 0        ; 0        ; 1          ;
; state.S7    ; 0           ; 0        ; 0        ; 1        ; 0        ; 0        ; 0        ; 0        ; 0        ; 0        ; 0        ; 1          ;
; state.S8    ; 0           ; 0        ; 1        ; 0        ; 0        ; 0        ; 0        ; 0        ; 0        ; 0        ; 0        ; 1          ;
; state.S9    ; 0           ; 1        ; 0        ; 0        ; 0        ; 0        ; 0        ; 0        ; 0        ; 0        ; 0        ; 1          ;
; state.START ; 1           ; 0        ; 0        ; 0        ; 0        ; 0        ; 0        ; 0        ; 0        ; 0        ; 0        ; 1          ;
+-------------+-------------+----------+----------+----------+----------+----------+----------+----------+----------+----------+----------+------------+


Encoding Type:  One-Hot
+-----------------------------------------------------------------------------------------------------------------------------------------------+
; State Machine - |main|MEF_main:exe|state                                                                                                      ;
+-------------------------+----------------------+-----------------+--------------------+-------------------------+-----------------+-----------+
; Name                    ; state.INCORRECT_DATA ; state.SEND_DATA ; state.PROCESS_DATA ; state.CONTROLLER_SENSOR ; state.READ_DATA ; state.000 ;
+-------------------------+----------------------+-----------------+--------------------+-------------------------+-----------------+-----------+
; state.000               ; 0                    ; 0               ; 0                  ; 0                       ; 0               ; 0         ;
; state.READ_DATA         ; 0                    ; 0               ; 0                  ; 0                       ; 1               ; 1         ;
; state.CONTROLLER_SENSOR ; 0                    ; 0               ; 0                  ; 1                       ; 0               ; 1         ;
; state.PROCESS_DATA      ; 0                    ; 0               ; 1                  ; 0                       ; 0               ; 1         ;
; state.SEND_DATA         ; 0                    ; 1               ; 0                  ; 0                       ; 0               ; 1         ;
; state.INCORRECT_DATA    ; 1                    ; 0               ; 0                  ; 0                       ; 0               ; 1         ;
+-------------------------+----------------------+-----------------+--------------------+-------------------------+-----------------+-----------+


Encoding Type:  One-Hot
+-----------------------------------------------------------------------------------------+
; State Machine - |main|reg_2bytes_UART_rx:reg_rx|state                                   ;
+-------------------+-------------------+------------------+-------------------+----------+
; Name              ; state.ADD_COMMAND ; state.IDLE_2BYTE ; state.ADD_ADDRESS ; state.00 ;
+-------------------+-------------------+------------------+-------------------+----------+
; state.00          ; 0                 ; 0                ; 0                 ; 0        ;
; state.ADD_ADDRESS ; 0                 ; 0                ; 1                 ; 1        ;
; state.IDLE_2BYTE  ; 0                 ; 1                ; 0                 ; 1        ;
; state.ADD_COMMAND ; 1                 ; 0                ; 0                 ; 1        ;
+-------------------+-------------------+------------------+-------------------+----------+


Encoding Type:  One-Hot
+----------------------------------------------------------------+
; State Machine - |main|UART_RX:rx|state                         ;
+-------------+------------+------------+-------------+----------+
; Name        ; state.STOP ; state.DATA ; state.START ; state.00 ;
+-------------+------------+------------+-------------+----------+
; state.00    ; 0          ; 0          ; 0           ; 0        ;
; state.START ; 0          ; 0          ; 1           ; 1        ;
; state.DATA  ; 0          ; 1          ; 0           ; 1        ;
; state.STOP  ; 1          ; 0          ; 0           ; 1        ;
+-------------+------------+------------+-------------+----------+


+---------------------------------------------------------------------------------+
; Registers Removed During Synthesis                                              ;
+----------------------------------------+----------------------------------------+
; Register name                          ; Reason for Removal                     ;
+----------------------------------------+----------------------------------------+
; reg_2bytes_UART_tx:reg_tx|buffer[5..7] ; Stuck at GND due to stuck port data_in ;
; UART_TX:tx|state~2                     ; Lost fanout                            ;
; UART_TX:tx|state~3                     ; Lost fanout                            ;
; reg_2bytes_UART_tx:reg_tx|state~2      ; Lost fanout                            ;
; reg_2bytes_UART_tx:reg_tx|state~3      ; Lost fanout                            ;
; DHT11_teste:a|state~2                  ; Lost fanout                            ;
; DHT11_teste:a|state~3                  ; Lost fanout                            ;
; DHT11_teste:a|state~4                  ; Lost fanout                            ;
; DHT11_teste:a|state~5                  ; Lost fanout                            ;
; MEF_main:exe|state~2                   ; Lost fanout                            ;
; MEF_main:exe|state~3                   ; Lost fanout                            ;
; MEF_main:exe|state~4                   ; Lost fanout                            ;
; reg_2bytes_UART_rx:reg_rx|state~6      ; Lost fanout                            ;
; reg_2bytes_UART_rx:reg_rx|state~7      ; Lost fanout                            ;
; UART_RX:rx|state~2                     ; Lost fanout                            ;
; UART_RX:rx|state~3                     ; Lost fanout                            ;
; Total Number of Removed Registers = 18 ;                                        ;
+----------------------------------------+----------------------------------------+


+------------------------------------------------------+
; General Register Statistics                          ;
+----------------------------------------------+-------+
; Statistic                                    ; Value ;
+----------------------------------------------+-------+
; Total registers                              ; 293   ;
; Number of registers using Synchronous Clear  ; 90    ;
; Number of registers using Synchronous Load   ; 23    ;
; Number of registers using Asynchronous Clear ; 0     ;
; Number of registers using Asynchronous Load  ; 0     ;
; Number of registers using Clock Enable       ; 171   ;
; Number of registers using Preset             ; 0     ;
+----------------------------------------------+-------+


+--------------------------------------------------+
; Inverted Register Statistics                     ;
+----------------------------------------+---------+
; Inverted Register                      ; Fan out ;
+----------------------------------------+---------+
; UART_RX:rx|rx_data                     ; 11      ;
; UART_RX:rx|data_serial_buffer          ; 1       ;
; Total number of inverted registers = 2 ;         ;
+----------------------------------------+---------+


+--------------------------------------------------------------------------------------------------------------------------------------------------------------+
; Multiplexer Restructuring Statistics (Restructuring Performed)                                                                                               ;
+--------------------+-----------+---------------+----------------------+------------------------+------------+------------------------------------------------+
; Multiplexer Inputs ; Bus Width ; Baseline Area ; Area if Restructured ; Saving if Restructured ; Registered ; Example Multiplexer Output                     ;
+--------------------+-----------+---------------+----------------------+------------------------+------------+------------------------------------------------+
; 3:1                ; 8 bits    ; 16 LEs        ; 0 LEs                ; 16 LEs                 ; Yes        ; |main|reg_2bytes_UART_rx:reg_rx|buffer_data[4] ;
; 4:1                ; 3 bits    ; 6 LEs         ; 3 LEs                ; 3 LEs                  ; Yes        ; |main|UART_TX:tx|bit_index[2]                  ;
; 4:1                ; 3 bits    ; 6 LEs         ; 3 LEs                ; 3 LEs                  ; Yes        ; |main|UART_RX:rx|bit_index[1]                  ;
; 5:1                ; 3 bits    ; 9 LEs         ; 3 LEs                ; 6 LEs                  ; Yes        ; |main|reg_2bytes_UART_tx:reg_tx|data_aux[5]    ;
; 5:1                ; 5 bits    ; 15 LEs        ; 5 LEs                ; 10 LEs                 ; Yes        ; |main|reg_2bytes_UART_tx:reg_tx|data_aux[0]    ;
; 5:1                ; 13 bits   ; 39 LEs        ; 13 LEs               ; 26 LEs                 ; Yes        ; |main|UART_RX:rx|counter[1]                    ;
; 6:1                ; 6 bits    ; 24 LEs        ; 6 LEs                ; 18 LEs                 ; Yes        ; |main|DHT11_teste:a|index[1]                   ;
; 258:1              ; 8 bits    ; 1376 LEs      ; 48 LEs               ; 1328 LEs               ; Yes        ; |main|reg_2bytes_UART_tx:reg_tx|buffer[15]     ;
; 23:1               ; 26 bits   ; 390 LEs       ; 104 LEs              ; 286 LEs                ; Yes        ; |main|DHT11_teste:a|counter[22]                ;
+--------------------+-----------+---------------+----------------------+------------------------+------------+------------------------------------------------+


+---------------------------------------------------------+
; Parameter Settings for User Entity Instance: UART_RX:rx ;
+----------------+-------+--------------------------------+
; Parameter Name ; Value ; Type                           ;
+----------------+-------+--------------------------------+
; CLKS_PER_BIT   ; 5208  ; Signed Integer                 ;
+----------------+-------+--------------------------------+
Note: In order to hide this table in the UI and the text report file, please set the "Show Parameter Settings in Synthesis Report" option in "Analysis and Synthesis Settings -> More Settings" to "Off".


+-----------------------------------------------------------+
; Parameter Settings for User Entity Instance: MEF_main:exe ;
+-------------------+-------+-------------------------------+
; Parameter Name    ; Value ; Type                          ;
+-------------------+-------+-------------------------------+
; IDLE              ; 000   ; Unsigned Binary               ;
; READ_DATA         ; 001   ; Unsigned Binary               ;
; CONTROLLER_SENSOR ; 010   ; Unsigned Binary               ;
; PROCESS_DATA      ; 011   ; Unsigned Binary               ;
; SEND_DATA         ; 100   ; Unsigned Binary               ;
; INCORRECT_DATA    ; 101   ; Unsigned Binary               ;
+-------------------+-------+-------------------------------+
Note: In order to hide this table in the UI and the text report file, please set the "Show Parameter Settings in Synthesis Report" option in "Analysis and Synthesis Settings -> More Settings" to "Off".


+------------------------------------------------------------+
; Parameter Settings for User Entity Instance: DHT11_teste:a ;
+----------------+-------+-----------------------------------+
; Parameter Name ; Value ; Type                              ;
+----------------+-------+-----------------------------------+
; S0             ; 1     ; Signed Integer                    ;
; S1             ; 2     ; Signed Integer                    ;
; S2             ; 3     ; Signed Integer                    ;
; S3             ; 4     ; Signed Integer                    ;
; S4             ; 5     ; Signed Integer                    ;
; S5             ; 6     ; Signed Integer                    ;
; S6             ; 7     ; Signed Integer                    ;
; S7             ; 8     ; Signed Integer                    ;
; S8             ; 9     ; Signed Integer                    ;
; S9             ; 10    ; Signed Integer                    ;
; STOP           ; 0     ; Signed Integer                    ;
; START          ; 11    ; Signed Integer                    ;
+----------------+-------+-----------------------------------+
Note: In order to hide this table in the UI and the text report file, please set the "Show Parameter Settings in Synthesis Report" option in "Analysis and Synthesis Settings -> More Settings" to "Off".


+---------------------------------------------------------+
; Parameter Settings for User Entity Instance: UART_TX:tx ;
+----------------+-------+--------------------------------+
; Parameter Name ; Value ; Type                           ;
+----------------+-------+--------------------------------+
; CLKS_PER_BIT   ; 5208  ; Signed Integer                 ;
+----------------+-------+--------------------------------+
Note: In order to hide this table in the UI and the text report file, please set the "Show Parameter Settings in Synthesis Report" option in "Analysis and Synthesis Settings -> More Settings" to "Off".


+---------------------------------------------------------------------------------------------------------------------+
; Port Connectivity Checks: "UART_TX:tx"                                                                              ;
+-----------+--------+----------+-------------------------------------------------------------------------------------+
; Port      ; Type   ; Severity ; Details                                                                             ;
+-----------+--------+----------+-------------------------------------------------------------------------------------+
; tx_active ; Output ; Info     ; Connected to dangling logic. Logic that only feeds a dangling port will be removed. ;
+-----------+--------+----------+-------------------------------------------------------------------------------------+


+--------------------------------------------------------------------------------------------------------------------------------------+
; Port Connectivity Checks: "DHT11_teste:a"                                                                                            ;
+-------+--------+----------+----------------------------------------------------------------------------------------------------------+
; Port  ; Type   ; Severity ; Details                                                                                                  ;
+-------+--------+----------+----------------------------------------------------------------------------------------------------------+
; error ; Output ; Warning  ; Declared by entity but not connected by instance. Logic that only feeds a dangling port will be removed. ;
; done  ; Output ; Warning  ; Declared by entity but not connected by instance. Logic that only feeds a dangling port will be removed. ;
+-------+--------+----------+----------------------------------------------------------------------------------------------------------+


+----------------------------------------------------------------------------------------------------------------+
; Port Connectivity Checks: "reg_2bytes_UART_rx:reg_rx"                                                          ;
+------+--------+----------+-------------------------------------------------------------------------------------+
; Port ; Type   ; Severity ; Details                                                                             ;
+------+--------+----------+-------------------------------------------------------------------------------------+
; done ; Output ; Info     ; Connected to dangling logic. Logic that only feeds a dangling port will be removed. ;
+------+--------+----------+-------------------------------------------------------------------------------------+


+-----------------------------------------------------+
; Post-Synthesis Netlist Statistics for Top Partition ;
+-----------------------+-----------------------------+
; Type                  ; Count                       ;
+-----------------------+-----------------------------+
; boundary_port         ; 4                           ;
; cycloneiii_ff         ; 293                         ;
;     ENA               ; 157                         ;
;     ENA SCLR          ; 6                           ;
;     ENA SCLR SLD      ; 8                           ;
;     SCLR              ; 63                          ;
;     SCLR SLD          ; 13                          ;
;     SLD               ; 2                           ;
;     plain             ; 44                          ;
; cycloneiii_io_obuf    ; 1                           ;
; cycloneiii_lcell_comb ; 465                         ;
;     arith             ; 77                          ;
;         2 data inputs ; 77                          ;
;     normal            ; 388                         ;
;         0 data inputs ; 1                           ;
;         1 data inputs ; 6                           ;
;         2 data inputs ; 56                          ;
;         3 data inputs ; 94                          ;
;         4 data inputs ; 231                         ;
;                       ;                             ;
; Max LUT depth         ; 8.00                        ;
; Average LUT depth     ; 4.06                        ;
+-----------------------+-----------------------------+


+-------------------------------+
; Elapsed Time Per Partition    ;
+----------------+--------------+
; Partition Name ; Elapsed Time ;
+----------------+--------------+
; Top            ; 00:00:02     ;
+----------------+--------------+


+-------------------------------+
; Analysis & Synthesis Messages ;
+-------------------------------+
Info: *******************************************************************
Info: Running Quartus Prime Analysis & Synthesis
    Info: Version 22.1std.2 Build 922 07/20/2023 SC Lite Edition
    Info: Processing started: Fri Sep  1 22:11:57 2023
Info: Command: quartus_map --read_settings_files=on --write_settings_files=off PBL_interface_de_entrada_e_saida -c main
Warning (18236): Number of processors has not been specified which may cause overloading on shared machines.  Set the global assignment NUM_PARALLEL_PROCESSORS in your QSF to an appropriate value for best performance.
Info (20030): Parallel compilation is enabled and will use 16 of the 16 processors detected
Info (12021): Found 1 design units, including 1 entities, in source file modules/uart_tx.v
    Info (12023): Found entity 1: UART_TX File: C:/Users/thiag/Documents/GitHub/PBL---Sistemas-Digitais---Interface-de-Entrada-e-Sa-da/Verilog/Modules/UART_TX.v Line: 1
Info (12021): Found 1 design units, including 1 entities, in source file modules/uart_rx.v
    Info (12023): Found entity 1: UART_RX File: C:/Users/thiag/Documents/GitHub/PBL---Sistemas-Digitais---Interface-de-Entrada-e-Sa-da/Verilog/Modules/UART_RX.v Line: 1
Info (12021): Found 1 design units, including 1 entities, in source file modules/uart_main.v
    Info (12023): Found entity 1: UART_main File: C:/Users/thiag/Documents/GitHub/PBL---Sistemas-Digitais---Interface-de-Entrada-e-Sa-da/Verilog/Modules/UART_main.v Line: 1
Info (12021): Found 1 design units, including 1 entities, in source file modules/uart_2bytes.v
    Info (12023): Found entity 1: UART_2BYTES File: C:/Users/thiag/Documents/GitHub/PBL---Sistemas-Digitais---Interface-de-Entrada-e-Sa-da/Verilog/Modules/UART_2BYTES.v Line: 1
Info (12021): Found 1 design units, including 1 entities, in source file modules/tri_state.v
    Info (12023): Found entity 1: TRI_State File: C:/Users/thiag/Documents/GitHub/PBL---Sistemas-Digitais---Interface-de-Entrada-e-Sa-da/Verilog/Modules/TRI_State.v Line: 1
Info (12021): Found 1 design units, including 1 entities, in source file modules/reg_2bytes_uart_tx.v
    Info (12023): Found entity 1: reg_2bytes_UART_tx File: C:/Users/thiag/Documents/GitHub/PBL---Sistemas-Digitais---Interface-de-Entrada-e-Sa-da/Verilog/Modules/reg_2bytes_UART_tx.v Line: 1
Info (12021): Found 1 design units, including 1 entities, in source file modules/reg_2bytes_uart_rx.v
    Info (12023): Found entity 1: reg_2bytes_UART_rx File: C:/Users/thiag/Documents/GitHub/PBL---Sistemas-Digitais---Interface-de-Entrada-e-Sa-da/Verilog/Modules/reg_2bytes_UART_rx.v Line: 1
Info (12021): Found 2 design units, including 2 entities, in source file modules/mef_main.v
    Info (12023): Found entity 1: MEF_main File: C:/Users/thiag/Documents/GitHub/PBL---Sistemas-Digitais---Interface-de-Entrada-e-Sa-da/Verilog/Modules/MEF_main.v Line: 1
    Info (12023): Found entity 2: commands_table File: C:/Users/thiag/Documents/GitHub/PBL---Sistemas-Digitais---Interface-de-Entrada-e-Sa-da/Verilog/Modules/MEF_main.v Line: 164
Info (12021): Found 1 design units, including 1 entities, in source file modules/main.v
    Info (12023): Found entity 1: main File: C:/Users/thiag/Documents/GitHub/PBL---Sistemas-Digitais---Interface-de-Entrada-e-Sa-da/Verilog/Modules/main.v Line: 1
Info (12021): Found 1 design units, including 1 entities, in source file modules/dht11_teste.v
    Info (12023): Found entity 1: DHT11_teste File: C:/Users/thiag/Documents/GitHub/PBL---Sistemas-Digitais---Interface-de-Entrada-e-Sa-da/Verilog/Modules/DHT11_teste.v Line: 1
Info (12021): Found 1 design units, including 1 entities, in source file modules/dht11_2.v
    Info (12023): Found entity 1: DHT11_2 File: C:/Users/thiag/Documents/GitHub/PBL---Sistemas-Digitais---Interface-de-Entrada-e-Sa-da/Verilog/Modules/DHT11_2.v Line: 1
Info (12021): Found 1 design units, including 1 entities, in source file modules/dht11.v
    Info (12023): Found entity 1: DHT11 File: C:/Users/thiag/Documents/GitHub/PBL---Sistemas-Digitais---Interface-de-Entrada-e-Sa-da/Verilog/Modules/DHT11.v Line: 1
Info (12127): Elaborating entity "main" for the top level hierarchy
Info (12128): Elaborating entity "UART_RX" for hierarchy "UART_RX:rx" File: C:/Users/thiag/Documents/GitHub/PBL---Sistemas-Digitais---Interface-de-Entrada-e-Sa-da/Verilog/Modules/main.v Line: 16
Info (12128): Elaborating entity "reg_2bytes_UART_rx" for hierarchy "reg_2bytes_UART_rx:reg_rx" File: C:/Users/thiag/Documents/GitHub/PBL---Sistemas-Digitais---Interface-de-Entrada-e-Sa-da/Verilog/Modules/main.v Line: 17
Info (12128): Elaborating entity "MEF_main" for hierarchy "MEF_main:exe" File: C:/Users/thiag/Documents/GitHub/PBL---Sistemas-Digitais---Interface-de-Entrada-e-Sa-da/Verilog/Modules/main.v Line: 19
Info (12128): Elaborating entity "commands_table" for hierarchy "MEF_main:exe|commands_table:a" File: C:/Users/thiag/Documents/GitHub/PBL---Sistemas-Digitais---Interface-de-Entrada-e-Sa-da/Verilog/Modules/MEF_main.v Line: 28
Info (12128): Elaborating entity "DHT11_teste" for hierarchy "DHT11_teste:a" File: C:/Users/thiag/Documents/GitHub/PBL---Sistemas-Digitais---Interface-de-Entrada-e-Sa-da/Verilog/Modules/main.v Line: 21
Info (12128): Elaborating entity "TRI_State" for hierarchy "DHT11_teste:a|TRI_State:TRIS0" File: C:/Users/thiag/Documents/GitHub/PBL---Sistemas-Digitais---Interface-de-Entrada-e-Sa-da/Verilog/Modules/DHT11_teste.v Line: 29
Info (12128): Elaborating entity "reg_2bytes_UART_tx" for hierarchy "reg_2bytes_UART_tx:reg_tx" File: C:/Users/thiag/Documents/GitHub/PBL---Sistemas-Digitais---Interface-de-Entrada-e-Sa-da/Verilog/Modules/main.v Line: 23
Info (12128): Elaborating entity "UART_TX" for hierarchy "UART_TX:tx" File: C:/Users/thiag/Documents/GitHub/PBL---Sistemas-Digitais---Interface-de-Entrada-e-Sa-da/Verilog/Modules/main.v Line: 24
Warning (12241): 1 hierarchies have connectivity warnings - see the Connectivity Checks report folder
Warning (13046): Tri-state node(s) do not directly drive top-level pin(s)
    Warning (13047): Converted the fan-out from the tri-state buffer "DHT11_teste:a|TRI_State:TRIS0|read" to the node "DHT11_teste:a|error_reg" into an OR gate File: C:/Users/thiag/Documents/GitHub/PBL---Sistemas-Digitais---Interface-de-Entrada-e-Sa-da/Verilog/Modules/TRI_State.v Line: 6
Info (286030): Timing-Driven Synthesis is running
Info (17049): 15 registers lost all their fanouts during netlist optimizations.
Info (144001): Generated suppressed messages file C:/Users/thiag/Documents/GitHub/PBL---Sistemas-Digitais---Interface-de-Entrada-e-Sa-da/Verilog/output_files/main.map.smsg
Info (16010): Generating hard_block partition "hard_block:auto_generated_inst"
    Info (16011): Adding 0 node(s), including 0 DDIO, 0 PLL, 0 transceiver and 0 LCELL
Info (21057): Implemented 564 device resources after synthesis - the final resource count might be different
    Info (21058): Implemented 2 input pins
    Info (21059): Implemented 1 output pins
    Info (21060): Implemented 1 bidirectional pins
    Info (21061): Implemented 560 logic cells
Info: Quartus Prime Analysis & Synthesis was successful. 0 errors, 4 warnings
    Info: Peak virtual memory: 4850 megabytes
    Info: Processing ended: Fri Sep  1 22:12:16 2023
    Info: Elapsed time: 00:00:19
    Info: Total CPU time (on all processors): 00:00:27


+------------------------------------------+
; Analysis & Synthesis Suppressed Messages ;
+------------------------------------------+
The suppressed messages can be found in C:/Users/thiag/Documents/GitHub/PBL---Sistemas-Digitais---Interface-de-Entrada-e-Sa-da/Verilog/output_files/main.map.smsg.


