Analysis & Synthesis report for UART_main
Sun Aug 20 14:05:19 2023
Quartus Prime Version 22.1std.2 Build 922 07/20/2023 SC Lite Edition


---------------------
; Table of Contents ;
---------------------
  1. Legal Notice
  2. Analysis & Synthesis Summary
  3. Analysis & Synthesis Settings
  4. Parallel Compilation
  5. Analysis & Synthesis Source Files Read
  6. Analysis & Synthesis Resource Usage Summary
  7. Analysis & Synthesis Resource Utilization by Entity
  8. State Machine - |UART_2BYTES|UART_TX:lkm|state
  9. State Machine - |UART_2BYTES|reg_2bytes_UART_tx:reg_txkjnn|state
 10. State Machine - |UART_2BYTES|reg_2bytes_UART_rx:reg_rx|state
 11. State Machine - |UART_2BYTES|UART_RX:rx|state
 12. Registers Removed During Synthesis
 13. General Register Statistics
 14. Inverted Register Statistics
 15. Multiplexer Restructuring Statistics (Restructuring Performed)
 16. Parameter Settings for User Entity Instance: UART_RX:rx
 17. Parameter Settings for User Entity Instance: UART_TX:lkm
 18. Analysis & Synthesis Messages
 19. Analysis & Synthesis Suppressed Messages



----------------
; Legal Notice ;
----------------
Copyright (C) 2023  Intel Corporation. All rights reserved.
Your use of Intel Corporation's design tools, logic functions 
and other software and tools, and any partner logic 
functions, and any output files from any of the foregoing 
(including device programming or simulation files), and any 
associated documentation or information are expressly subject 
to the terms and conditions of the Intel Program License 
Subscription Agreement, the Intel Quartus Prime License Agreement,
the Intel FPGA IP License Agreement, or other applicable license
agreement, including, without limitation, that your use is for
the sole purpose of programming logic devices manufactured by
Intel and sold by Intel or its authorized distributors.  Please
refer to the applicable agreement for further details, at
https://fpgasoftware.intel.com/eula.



+------------------------------------------------------------------------------+
; Analysis & Synthesis Summary                                                 ;
+-----------------------------+------------------------------------------------+
; Analysis & Synthesis Status ; Successful - Sun Aug 20 14:05:19 2023          ;
; Quartus Prime Version       ; 22.1std.2 Build 922 07/20/2023 SC Lite Edition ;
; Revision Name               ; UART_main                                      ;
; Top-level Entity Name       ; UART_2BYTES                                    ;
; Family                      ; MAX II                                         ;
; Total logic elements        ; 162                                            ;
; Total pins                  ; 4                                              ;
; Total virtual pins          ; 0                                              ;
; UFM blocks                  ; 0 / 1 ( 0 % )                                  ;
+-----------------------------+------------------------------------------------+


+------------------------------------------------------------------------------------------------------------+
; Analysis & Synthesis Settings                                                                              ;
+------------------------------------------------------------------+--------------------+--------------------+
; Option                                                           ; Setting            ; Default Value      ;
+------------------------------------------------------------------+--------------------+--------------------+
; Device                                                           ; EPM240T100C5       ;                    ;
; Top-level entity name                                            ; UART_2BYTES        ; UART_main          ;
; Family name                                                      ; MAX II             ; Cyclone V          ;
; Use smart compilation                                            ; Off                ; Off                ;
; Enable parallel Assembler and Timing Analyzer during compilation ; On                 ; On                 ;
; Enable compact report table                                      ; Off                ; Off                ;
; Restructure Multiplexers                                         ; Auto               ; Auto               ;
; Create Debugging Nodes for IP Cores                              ; Off                ; Off                ;
; Preserve fewer node names                                        ; On                 ; On                 ;
; Intel FPGA IP Evaluation Mode                                    ; Enable             ; Enable             ;
; Verilog Version                                                  ; Verilog_2001       ; Verilog_2001       ;
; VHDL Version                                                     ; VHDL_1993          ; VHDL_1993          ;
; State Machine Processing                                         ; Auto               ; Auto               ;
; Safe State Machine                                               ; Off                ; Off                ;
; Extract Verilog State Machines                                   ; On                 ; On                 ;
; Extract VHDL State Machines                                      ; On                 ; On                 ;
; Ignore Verilog initial constructs                                ; Off                ; Off                ;
; Iteration limit for constant Verilog loops                       ; 5000               ; 5000               ;
; Iteration limit for non-constant Verilog loops                   ; 250                ; 250                ;
; Add Pass-Through Logic to Inferred RAMs                          ; On                 ; On                 ;
; Infer RAMs from Raw Logic                                        ; On                 ; On                 ;
; Parallel Synthesis                                               ; On                 ; On                 ;
; NOT Gate Push-Back                                               ; On                 ; On                 ;
; Power-Up Don't Care                                              ; On                 ; On                 ;
; Remove Redundant Logic Cells                                     ; Off                ; Off                ;
; Remove Duplicate Registers                                       ; On                 ; On                 ;
; Ignore CARRY Buffers                                             ; Off                ; Off                ;
; Ignore CASCADE Buffers                                           ; Off                ; Off                ;
; Ignore GLOBAL Buffers                                            ; Off                ; Off                ;
; Ignore ROW GLOBAL Buffers                                        ; Off                ; Off                ;
; Ignore LCELL Buffers                                             ; Off                ; Off                ;
; Ignore SOFT Buffers                                              ; On                 ; On                 ;
; Limit AHDL Integers to 32 Bits                                   ; Off                ; Off                ;
; Optimization Technique                                           ; Balanced           ; Balanced           ;
; Carry Chain Length                                               ; 70                 ; 70                 ;
; Auto Carry Chains                                                ; On                 ; On                 ;
; Auto Open-Drain Pins                                             ; On                 ; On                 ;
; Perform WYSIWYG Primitive Resynthesis                            ; Off                ; Off                ;
; Auto Shift Register Replacement                                  ; Auto               ; Auto               ;
; Allow Shift Register Merging across Hierarchies                  ; Auto               ; Auto               ;
; Auto Clock Enable Replacement                                    ; On                 ; On                 ;
; Allow Synchronous Control Signals                                ; On                 ; On                 ;
; Force Use of Synchronous Clear Signals                           ; Off                ; Off                ;
; Auto Resource Sharing                                            ; Off                ; Off                ;
; Use LogicLock Constraints during Resource Balancing              ; On                 ; On                 ;
; Ignore translate_off and synthesis_off directives                ; Off                ; Off                ;
; Report Parameter Settings                                        ; On                 ; On                 ;
; Report Source Assignments                                        ; On                 ; On                 ;
; Report Connectivity Checks                                       ; On                 ; On                 ;
; Ignore Maximum Fan-Out Assignments                               ; Off                ; Off                ;
; Synchronization Register Chain Length                            ; 2                  ; 2                  ;
; Power Optimization During Synthesis                              ; Normal compilation ; Normal compilation ;
; HDL message level                                                ; Level2             ; Level2             ;
; Suppress Register Optimization Related Messages                  ; Off                ; Off                ;
; Number of Removed Registers Reported in Synthesis Report         ; 5000               ; 5000               ;
; Number of Swept Nodes Reported in Synthesis Report               ; 5000               ; 5000               ;
; Number of Inverted Registers Reported in Synthesis Report        ; 100                ; 100                ;
; Clock MUX Protection                                             ; On                 ; On                 ;
; Block Design Naming                                              ; Auto               ; Auto               ;
; Synthesis Effort                                                 ; Auto               ; Auto               ;
; Shift Register Replacement - Allow Asynchronous Clear Signal     ; On                 ; On                 ;
; Analysis & Synthesis Message Level                               ; Medium             ; Medium             ;
; Disable Register Merging Across Hierarchies                      ; Auto               ; Auto               ;
+------------------------------------------------------------------+--------------------+--------------------+


+------------------------------------------+
; Parallel Compilation                     ;
+----------------------------+-------------+
; Processors                 ; Number      ;
+----------------------------+-------------+
; Number detected on machine ; 16          ;
; Maximum allowed            ; 16          ;
;                            ;             ;
; Average used               ; 1.00        ;
; Maximum used               ; 1           ;
;                            ;             ;
; Usage by Processor         ; % Time Used ;
;     Processor 1            ; 100.0%      ;
+----------------------------+-------------+


+---------------------------------------------------------------------------------------------------------------------------------------------------------------------------------------------------------+
; Analysis & Synthesis Source Files Read                                                                                                                                                                  ;
+----------------------------------+-----------------+------------------------+-----------------------------------------------------------------------------------------------------------------+---------+
; File Name with User-Entered Path ; Used in Netlist ; File Type              ; File Name with Absolute Path                                                                                    ; Library ;
+----------------------------------+-----------------+------------------------+-----------------------------------------------------------------------------------------------------------------+---------+
; Modules/UART_2BYTES.v            ; yes             ; User Verilog HDL File  ; C:/Users/thiag/Desktop/PBL Sistemas de Digitais/Interface-de-Entrada-Saida/Verilog/Modules/UART_2BYTES.v        ;         ;
; Modules/reg_2bytes_UART_rx.v     ; yes             ; User Verilog HDL File  ; C:/Users/thiag/Desktop/PBL Sistemas de Digitais/Interface-de-Entrada-Saida/Verilog/Modules/reg_2bytes_UART_rx.v ;         ;
; Modules/UART_TX.v                ; yes             ; User Verilog HDL File  ; C:/Users/thiag/Desktop/PBL Sistemas de Digitais/Interface-de-Entrada-Saida/Verilog/Modules/UART_TX.v            ;         ;
; Modules/UART_RX.v                ; yes             ; User Verilog HDL File  ; C:/Users/thiag/Desktop/PBL Sistemas de Digitais/Interface-de-Entrada-Saida/Verilog/Modules/UART_RX.v            ;         ;
; Modules/reg_2bytes_UART_tx.v     ; yes             ; User Verilog HDL File  ; C:/Users/thiag/Desktop/PBL Sistemas de Digitais/Interface-de-Entrada-Saida/Verilog/Modules/reg_2bytes_UART_tx.v ;         ;
+----------------------------------+-----------------+------------------------+-----------------------------------------------------------------------------------------------------------------+---------+


+-----------------------------------------------------+
; Analysis & Synthesis Resource Usage Summary         ;
+---------------------------------------------+-------+
; Resource                                    ; Usage ;
+---------------------------------------------+-------+
; Total logic elements                        ; 162   ;
;     -- Combinational with no register       ; 42    ;
;     -- Register only                        ; 52    ;
;     -- Combinational with a register        ; 68    ;
;                                             ;       ;
; Logic element usage by number of LUT inputs ;       ;
;     -- 4 input functions                    ; 40    ;
;     -- 3 input functions                    ; 33    ;
;     -- 2 input functions                    ; 33    ;
;     -- 1 input functions                    ; 3     ;
;     -- 0 input functions                    ; 1     ;
;                                             ;       ;
; Logic elements by mode                      ;       ;
;     -- normal mode                          ; 138   ;
;     -- arithmetic mode                      ; 24    ;
;     -- qfbk mode                            ; 0     ;
;     -- register cascade mode                ; 0     ;
;     -- synchronous clear/load mode          ; 26    ;
;     -- asynchronous clear/load mode         ; 0     ;
;                                             ;       ;
; Total registers                             ; 120   ;
; Total logic cells in carry chains           ; 26    ;
; I/O pins                                    ; 4     ;
; Maximum fan-out node                        ; clk   ;
; Maximum fan-out                             ; 120   ;
; Total fan-out                               ; 616   ;
; Average fan-out                             ; 3.71  ;
+---------------------------------------------+-------+


+--------------------------------------------------------------------------------------------------------------------------------------------------------------------------------------------------------------------------------------------------------------------------+
; Analysis & Synthesis Resource Utilization by Entity                                                                                                                                                                                                                      ;
+------------------------------------+-------------+--------------+------------+------+--------------+--------------+-------------------+------------------+-----------------+------------+--------------------------------------------+--------------------+--------------+
; Compilation Hierarchy Node         ; Logic Cells ; LC Registers ; UFM Blocks ; Pins ; Virtual Pins ; LUT-Only LCs ; Register-Only LCs ; LUT/Register LCs ; Carry Chain LCs ; Packed LCs ; Full Hierarchy Name                        ; Entity Name        ; Library Name ;
+------------------------------------+-------------+--------------+------------+------+--------------+--------------+-------------------+------------------+-----------------+------------+--------------------------------------------+--------------------+--------------+
; |UART_2BYTES                       ; 162 (1)     ; 120          ; 0          ; 4    ; 0            ; 42 (1)       ; 52 (0)            ; 68 (0)           ; 26 (0)          ; 0 (0)      ; |UART_2BYTES                               ; UART_2BYTES        ; work         ;
;    |UART_RX:rx|                    ; 56 (56)     ; 31           ; 0          ; 0    ; 0            ; 25 (25)      ; 2 (2)             ; 29 (29)          ; 13 (13)         ; 0 (0)      ; |UART_2BYTES|UART_RX:rx                    ; UART_RX            ; work         ;
;    |UART_TX:lkm|                   ; 44 (44)     ; 31           ; 0          ; 0    ; 0            ; 13 (13)      ; 8 (8)             ; 23 (23)          ; 13 (13)         ; 0 (0)      ; |UART_2BYTES|UART_TX:lkm                   ; UART_TX            ; work         ;
;    |reg_2bytes_UART_rx:reg_rx|     ; 30 (30)     ; 29           ; 0          ; 0    ; 0            ; 1 (1)        ; 25 (25)           ; 4 (4)            ; 0 (0)           ; 0 (0)      ; |UART_2BYTES|reg_2bytes_UART_rx:reg_rx     ; reg_2bytes_UART_rx ; work         ;
;    |reg_2bytes_UART_tx:reg_txkjnn| ; 31 (31)     ; 29           ; 0          ; 0    ; 0            ; 2 (2)        ; 17 (17)           ; 12 (12)          ; 0 (0)           ; 0 (0)      ; |UART_2BYTES|reg_2bytes_UART_tx:reg_txkjnn ; reg_2bytes_UART_tx ; work         ;
+------------------------------------+-------------+--------------+------------+------+--------------+--------------+-------------------+------------------+-----------------+------------+--------------------------------------------+--------------------+--------------+
Note: For table entries with two numbers listed, the numbers in parentheses indicate the number of resources of the given type used by the specific entity alone. The numbers listed outside of parentheses indicate the total resources of the given type used by the specific entity and all of its sub-entities in the hierarchy.


Encoding Type:  One-Hot
+----------------------------------------------------------------+
; State Machine - |UART_2BYTES|UART_TX:lkm|state                 ;
+-------------+------------+------------+-------------+----------+
; Name        ; state.STOP ; state.DATA ; state.START ; state.00 ;
+-------------+------------+------------+-------------+----------+
; state.00    ; 0          ; 0          ; 0           ; 0        ;
; state.START ; 0          ; 0          ; 1           ; 1        ;
; state.DATA  ; 0          ; 1          ; 0           ; 1        ;
; state.STOP  ; 1          ; 0          ; 0           ; 1        ;
+-------------+------------+------------+-------------+----------+


Encoding Type:  One-Hot
+---------------------------------------------------------------------------+
; State Machine - |UART_2BYTES|reg_2bytes_UART_tx:reg_txkjnn|state          ;
+----------------+----------------+-------------+----------------+----------+
; Name           ; state.BYTE_TWO ; state.TEMPO ; state.BYTE_ONE ; state.00 ;
+----------------+----------------+-------------+----------------+----------+
; state.00       ; 0              ; 0           ; 0              ; 0        ;
; state.BYTE_ONE ; 0              ; 0           ; 1              ; 1        ;
; state.TEMPO    ; 0              ; 1           ; 0              ; 1        ;
; state.BYTE_TWO ; 1              ; 0           ; 0              ; 1        ;
+----------------+----------------+-------------+----------------+----------+


Encoding Type:  One-Hot
+-----------------------------------------------------------------------------------------+
; State Machine - |UART_2BYTES|reg_2bytes_UART_rx:reg_rx|state                            ;
+-------------------+-------------------+------------------+-------------------+----------+
; Name              ; state.ADD_COMMAND ; state.IDLE_2BYTE ; state.ADD_ADDRESS ; state.00 ;
+-------------------+-------------------+------------------+-------------------+----------+
; state.00          ; 0                 ; 0                ; 0                 ; 0        ;
; state.ADD_ADDRESS ; 0                 ; 0                ; 1                 ; 1        ;
; state.IDLE_2BYTE  ; 0                 ; 1                ; 0                 ; 1        ;
; state.ADD_COMMAND ; 1                 ; 0                ; 0                 ; 1        ;
+-------------------+-------------------+------------------+-------------------+----------+


Encoding Type:  One-Hot
+----------------------------------------------------------------+
; State Machine - |UART_2BYTES|UART_RX:rx|state                  ;
+-------------+------------+------------+-------------+----------+
; Name        ; state.STOP ; state.DATA ; state.START ; state.00 ;
+-------------+------------+------------+-------------+----------+
; state.00    ; 0          ; 0          ; 0           ; 0        ;
; state.START ; 0          ; 0          ; 1           ; 1        ;
; state.DATA  ; 0          ; 1          ; 0           ; 1        ;
; state.STOP  ; 1          ; 0          ; 0           ; 1        ;
+-------------+------------+------------+-------------+----------+


+------------------------------------------------------------+
; Registers Removed During Synthesis                         ;
+---------------------------------------+--------------------+
; Register name                         ; Reason for Removal ;
+---------------------------------------+--------------------+
; UART_TX:lkm|state~2                   ; Lost fanout        ;
; UART_TX:lkm|state~3                   ; Lost fanout        ;
; reg_2bytes_UART_tx:reg_txkjnn|state~4 ; Lost fanout        ;
; reg_2bytes_UART_tx:reg_txkjnn|state~5 ; Lost fanout        ;
; reg_2bytes_UART_rx:reg_rx|state~6     ; Lost fanout        ;
; reg_2bytes_UART_rx:reg_rx|state~7     ; Lost fanout        ;
; UART_RX:rx|state~2                    ; Lost fanout        ;
; UART_RX:rx|state~3                    ; Lost fanout        ;
; Total Number of Removed Registers = 8 ;                    ;
+---------------------------------------+--------------------+


+------------------------------------------------------+
; General Register Statistics                          ;
+----------------------------------------------+-------+
; Statistic                                    ; Value ;
+----------------------------------------------+-------+
; Total registers                              ; 120   ;
; Number of registers using Synchronous Clear  ; 26    ;
; Number of registers using Synchronous Load   ; 13    ;
; Number of registers using Asynchronous Clear ; 0     ;
; Number of registers using Asynchronous Load  ; 0     ;
; Number of registers using Clock Enable       ; 62    ;
; Number of registers using Preset             ; 0     ;
+----------------------------------------------+-------+


+--------------------------------------------------+
; Inverted Register Statistics                     ;
+----------------------------------------+---------+
; Inverted Register                      ; Fan out ;
+----------------------------------------+---------+
; UART_RX:rx|rx_data                     ; 11      ;
; UART_RX:rx|data_serial_buffer          ; 1       ;
; Total number of inverted registers = 2 ;         ;
+----------------------------------------+---------+


+----------------------------------------------------------------------------------------------------------------------------------------------------------------------+
; Multiplexer Restructuring Statistics (Restructuring Performed)                                                                                                       ;
+--------------------+-----------+---------------+----------------------+------------------------+------------+--------------------------------------------------------+
; Multiplexer Inputs ; Bus Width ; Baseline Area ; Area if Restructured ; Saving if Restructured ; Registered ; Example Multiplexer Output                             ;
+--------------------+-----------+---------------+----------------------+------------------------+------------+--------------------------------------------------------+
; 3:1                ; 8 bits    ; 16 LEs        ; 0 LEs                ; 16 LEs                 ; Yes        ; |UART_2BYTES|reg_2bytes_UART_rx:reg_rx|buffer_data[1]  ;
; 3:1                ; 8 bits    ; 16 LEs        ; 8 LEs                ; 8 LEs                  ; Yes        ; |UART_2BYTES|reg_2bytes_UART_tx:reg_txkjnn|data_aux[6] ;
; 4:1                ; 3 bits    ; 6 LEs         ; 3 LEs                ; 3 LEs                  ; Yes        ; |UART_2BYTES|UART_TX:lkm|bit_index[2]                  ;
; 4:1                ; 3 bits    ; 6 LEs         ; 3 LEs                ; 3 LEs                  ; Yes        ; |UART_2BYTES|UART_RX:rx|bit_index[0]                   ;
; 5:1                ; 13 bits   ; 39 LEs        ; 13 LEs               ; 26 LEs                 ; Yes        ; |UART_2BYTES|UART_RX:rx|counter[12]                    ;
+--------------------+-----------+---------------+----------------------+------------------------+------------+--------------------------------------------------------+


+---------------------------------------------------------+
; Parameter Settings for User Entity Instance: UART_RX:rx ;
+----------------+-------+--------------------------------+
; Parameter Name ; Value ; Type                           ;
+----------------+-------+--------------------------------+
; CLKS_PER_BIT   ; 5208  ; Signed Integer                 ;
+----------------+-------+--------------------------------+
Note: In order to hide this table in the UI and the text report file, please set the "Show Parameter Settings in Synthesis Report" option in "Analysis and Synthesis Settings -> More Settings" to "Off".


+----------------------------------------------------------+
; Parameter Settings for User Entity Instance: UART_TX:lkm ;
+----------------+-------+---------------------------------+
; Parameter Name ; Value ; Type                            ;
+----------------+-------+---------------------------------+
; CLKS_PER_BIT   ; 5208  ; Signed Integer                  ;
+----------------+-------+---------------------------------+
Note: In order to hide this table in the UI and the text report file, please set the "Show Parameter Settings in Synthesis Report" option in "Analysis and Synthesis Settings -> More Settings" to "Off".


+-------------------------------+
; Analysis & Synthesis Messages ;
+-------------------------------+
Info: *******************************************************************
Info: Running Quartus Prime Analysis & Synthesis
    Info: Version 22.1std.2 Build 922 07/20/2023 SC Lite Edition
    Info: Processing started: Sun Aug 20 14:05:04 2023
Info: Command: quartus_map --read_settings_files=on --write_settings_files=off UART -c UART_main
Warning (18236): Number of processors has not been specified which may cause overloading on shared machines.  Set the global assignment NUM_PARALLEL_PROCESSORS in your QSF to an appropriate value for best performance.
Info (20030): Parallel compilation is enabled and will use 16 of the 16 processors detected
Info (12021): Found 1 design units, including 1 entities, in source file modules/uart_2bytes.v
    Info (12023): Found entity 1: UART_2BYTES File: C:/Users/thiag/Desktop/PBL Sistemas de Digitais/Interface-de-Entrada-Saida/Verilog/Modules/UART_2BYTES.v Line: 1
Info (12021): Found 1 design units, including 1 entities, in source file modules/reg_2bytes_uart_rx.v
    Info (12023): Found entity 1: reg_2bytes_UART_rx File: C:/Users/thiag/Desktop/PBL Sistemas de Digitais/Interface-de-Entrada-Saida/Verilog/Modules/reg_2bytes_UART_rx.v Line: 1
Info (12021): Found 1 design units, including 1 entities, in source file modules/uart_tx.v
    Info (12023): Found entity 1: UART_TX File: C:/Users/thiag/Desktop/PBL Sistemas de Digitais/Interface-de-Entrada-Saida/Verilog/Modules/UART_TX.v Line: 1
Info (12021): Found 1 design units, including 1 entities, in source file modules/uart_rx.v
    Info (12023): Found entity 1: UART_RX File: C:/Users/thiag/Desktop/PBL Sistemas de Digitais/Interface-de-Entrada-Saida/Verilog/Modules/UART_RX.v Line: 1
Info (12021): Found 1 design units, including 1 entities, in source file modules/uart_main.v
    Info (12023): Found entity 1: UART_main File: C:/Users/thiag/Desktop/PBL Sistemas de Digitais/Interface-de-Entrada-Saida/Verilog/Modules/UART_main.v Line: 1
Info (12021): Found 1 design units, including 1 entities, in source file modules/reg_2bytes_uart_tx.v
    Info (12023): Found entity 1: reg_2bytes_UART_tx File: C:/Users/thiag/Desktop/PBL Sistemas de Digitais/Interface-de-Entrada-Saida/Verilog/Modules/reg_2bytes_UART_tx.v Line: 1
Info (12127): Elaborating entity "UART_2BYTES" for the top level hierarchy
Info (12128): Elaborating entity "UART_RX" for hierarchy "UART_RX:rx" File: C:/Users/thiag/Desktop/PBL Sistemas de Digitais/Interface-de-Entrada-Saida/Verilog/Modules/UART_2BYTES.v Line: 13
Info (12128): Elaborating entity "reg_2bytes_UART_rx" for hierarchy "reg_2bytes_UART_rx:reg_rx" File: C:/Users/thiag/Desktop/PBL Sistemas de Digitais/Interface-de-Entrada-Saida/Verilog/Modules/UART_2BYTES.v Line: 14
Info (12128): Elaborating entity "reg_2bytes_UART_tx" for hierarchy "reg_2bytes_UART_tx:reg_txkjnn" File: C:/Users/thiag/Desktop/PBL Sistemas de Digitais/Interface-de-Entrada-Saida/Verilog/Modules/UART_2BYTES.v Line: 16
Info (12128): Elaborating entity "UART_TX" for hierarchy "UART_TX:lkm" File: C:/Users/thiag/Desktop/PBL Sistemas de Digitais/Interface-de-Entrada-Saida/Verilog/Modules/UART_2BYTES.v Line: 17
Info (17049): 8 registers lost all their fanouts during netlist optimizations.
Info (21057): Implemented 166 device resources after synthesis - the final resource count might be different
    Info (21058): Implemented 2 input pins
    Info (21059): Implemented 2 output pins
    Info (21061): Implemented 162 logic cells
Info (144001): Generated suppressed messages file C:/Users/thiag/Desktop/PBL Sistemas de Digitais/Interface-de-Entrada-Saida/Verilog/output_files/UART_main.map.smsg
Info: Quartus Prime Analysis & Synthesis was successful. 0 errors, 1 warning
    Info: Peak virtual memory: 4716 megabytes
    Info: Processing ended: Sun Aug 20 14:05:19 2023
    Info: Elapsed time: 00:00:15
    Info: Total CPU time (on all processors): 00:00:23


+------------------------------------------+
; Analysis & Synthesis Suppressed Messages ;
+------------------------------------------+
The suppressed messages can be found in C:/Users/thiag/Desktop/PBL Sistemas de Digitais/Interface-de-Entrada-Saida/Verilog/output_files/UART_main.map.smsg.


